// Jest Snapshot v1, https://goo.gl/fbAQLP

exports[`WeatherHeader matches snapshot 1`] = `undefined`;
